// Jest Snapshot v1, https://goo.gl/fbAQLP

exports[`RowReportNotification Component RowReportNotification snapshot 1`] = `
<ForwardRef(Grid)
  container={true}
  direction="column"
  mt={1}
>
  <ForwardRef(Grid)
    alignItems="center"
    container={true}
    gap={2}
  >
    <ForwardRef(Typography)
      color="error.main"
      fontWeight="500"
    >
      status
    </ForwardRef(Typography)>
    <Memo
      color="error"
    />
  </ForwardRef(Grid)>
  <ForwardRef(Typography)
    ml={1}
    mt={1}
  >
    message
  </ForwardRef(Typography)>
  <ForwardRef(Divider) />
</ForwardRef(Grid)>
`;

exports[`RowReportNotification snapshot RowReportNotification snapshot 1`] = `
<ForwardRef(Grid)
  container={true}
  direction="column"
  mt={1}
>
  <ForwardRef(Grid)
    alignItems="center"
    container={true}
    gap={2}
  >
    <ForwardRef(Typography)
      color="error.main"
      fontWeight="500"
    >
      status
    </ForwardRef(Typography)>
    <Memo
      color="error"
    />
  </ForwardRef(Grid)>
  <ForwardRef(Typography)
    ml={1}
    mt={1}
  >
    message
  </ForwardRef(Typography)>
  <ForwardRef(Divider) />
</ForwardRef(Grid)>
`;
