// Jest Snapshot v1, https://goo.gl/fbAQLP

exports[`Breadcrumbs Component Breadcrumbs snapshot 1`] = `
<Context.Provider
  value={
    Object {
      "basename": "/",
      "navigator": undefined,
      "static": false,
    }
  }
>
  <Context.Provider
    value={
      Object {
        "location": Object {
          "hash": "",
          "key": "1",
          "pathname": "/lpn-date-check",
          "search": "",
          "state": null,
        },
        "navigationType": "POP",
      }
    }
  >
    <Breadcrumbs
      icon={
        Object {
          "$$typeof": Symbol(react.memo),
          "compare": null,
          "type": Object {
            "$$typeof": Symbol(react.forward_ref),
            "render": [Function],
          },
        }
      }
      label="test"
    />
  </Context.Provider>
</Context.Provider>
`;

exports[`Breadcrumbs snapshot Breadcrumbs snapshot 1`] = `
<Context.Provider
  value={
    Object {
      "basename": "/",
      "navigator": undefined,
      "static": false,
    }
  }
>
  <Context.Provider
    value={
      Object {
        "location": Object {
          "hash": "",
          "key": "1",
          "pathname": "/lpn-date-check",
          "search": "",
          "state": null,
        },
        "navigationType": "POP",
      }
    }
  >
    <Breadcrumbs
      icon={
        Object {
          "$$typeof": Symbol(react.memo),
          "compare": null,
          "type": Object {
            "$$typeof": Symbol(react.forward_ref),
            "render": [Function],
          },
        }
      }
      label="test"
    />
  </Context.Provider>
</Context.Provider>
`;
