// Jest Snapshot v1, https://goo.gl/fbAQLP

exports[`LPNDateTableHead Component LPNDateTableHead snapshot 1`] = `
<ForwardRef(TableHead)>
  <ForwardRef(TableRow)>
    <ForwardRef(TableCell)
      sx={
        Object {
          "color": "primary.main",
          "fontSize": "16px",
          "minWidth": 90,
          "p": 1,
          "pt": 0.5,
        }
      }
    >
      <ForwardRef(Grid)
        container={true}
        flexDirection="column"
      >
        <ForwardRef(Grid)
          container={true}
        >
          <ForwardRef(Grid)
            item={true}
            sx={
              Object {
                "height": 75,
              }
            }
            xs={8}
          >
            Item
          </ForwardRef(Grid)>
          <ForwardRef(Grid)
            item={true}
            xs={4}
          >
            <ForwardRef(IconButton)
              onClick={[Function]}
              size="small"
              sx={
                Object {
                  "height": 24,
                  "marginLeft": "2px",
                  "width": 24,
                }
              }
            >
              <Styled(memo)
                fontSize="small"
                open={false}
              />
            </ForwardRef(IconButton)>
          </ForwardRef(Grid)>
        </ForwardRef(Grid)>
        <ForwardRef(TextField)
          inputProps={
            Object {
              "sx": Object {
                "p": 0.2,
                "pl": 0.5,
                "pr": 0.5,
              },
            }
          }
          onChange={[Function]}
          size="small"
          value=""
        />
      </ForwardRef(Grid)>
    </ForwardRef(TableCell)>
    <ForwardRef(TableCell)
      sx={
        Object {
          "color": "primary.main",
          "fontSize": "16px",
          "minWidth": 220,
          "p": 1,
          "pt": 0.5,
        }
      }
    >
      <ForwardRef(Grid)
        container={true}
        flexDirection="column"
      >
        <ForwardRef(Grid)
          container={true}
        >
          <ForwardRef(Grid)
            item={true}
            sx={
              Object {
                "height": 75,
              }
            }
            xs={8}
          >
            Item Description
          </ForwardRef(Grid)>
          <ForwardRef(Grid)
            item={true}
            xs={4}
          >
            <ForwardRef(IconButton)
              onClick={[Function]}
              size="small"
              sx={
                Object {
                  "height": 24,
                  "marginLeft": "2px",
                  "width": 24,
                }
              }
            >
              <Styled(memo)
                fontSize="small"
                open={false}
              />
            </ForwardRef(IconButton)>
          </ForwardRef(Grid)>
        </ForwardRef(Grid)>
        <ForwardRef(TextField)
          inputProps={
            Object {
              "sx": Object {
                "p": 0.2,
                "pl": 0.5,
                "pr": 0.5,
              },
            }
          }
          onChange={[Function]}
          size="small"
          value=""
        />
      </ForwardRef(Grid)>
    </ForwardRef(TableCell)>
    <ForwardRef(TableCell)
      sx={
        Object {
          "color": "primary.main",
          "fontSize": "16px",
          "minWidth": 110,
          "p": 1,
          "pt": 0.5,
        }
      }
    >
      <ForwardRef(Grid)
        container={true}
        flexDirection="column"
      >
        <ForwardRef(Grid)
          container={true}
        >
          <ForwardRef(Grid)
            item={true}
            sx={
              Object {
                "height": 75,
              }
            }
            xs={8}
          >
            LPN ID
          </ForwardRef(Grid)>
          <ForwardRef(Grid)
            item={true}
            xs={4}
          >
            <ForwardRef(IconButton)
              onClick={[Function]}
              size="small"
              sx={
                Object {
                  "height": 24,
                  "marginLeft": "2px",
                  "width": 24,
                }
              }
            >
              <Styled(memo)
                fontSize="small"
                open={false}
              />
            </ForwardRef(IconButton)>
          </ForwardRef(Grid)>
        </ForwardRef(Grid)>
        <ForwardRef(TextField)
          inputProps={
            Object {
              "sx": Object {
                "p": 0.2,
                "pl": 0.5,
                "pr": 0.5,
              },
            }
          }
          onChange={[Function]}
          size="small"
          value=""
        />
      </ForwardRef(Grid)>
    </ForwardRef(TableCell)>
    <ForwardRef(TableCell)
      sx={
        Object {
          "color": "primary.main",
          "fontSize": "16px",
          "minWidth": 145,
          "p": 1,
          "pt": 0.5,
        }
      }
    >
      <ForwardRef(Grid)
        container={true}
        flexDirection="column"
      >
        <ForwardRef(Grid)
          container={true}
        >
          <ForwardRef(Grid)
            item={true}
            sx={
              Object {
                "height": 75,
              }
            }
            xs={8}
          >
            LPN Status Description
          </ForwardRef(Grid)>
          <ForwardRef(Grid)
            item={true}
            xs={4}
          >
            <ForwardRef(IconButton)
              onClick={[Function]}
              size="small"
              sx={
                Object {
                  "height": 24,
                  "marginLeft": "2px",
                  "width": 24,
                }
              }
            >
              <Styled(memo)
                fontSize="small"
                open={false}
              />
            </ForwardRef(IconButton)>
          </ForwardRef(Grid)>
        </ForwardRef(Grid)>
        <ForwardRef(TextField)
          inputProps={
            Object {
              "sx": Object {
                "p": 0.2,
                "pl": 0.5,
                "pr": 0.5,
              },
            }
          }
          onChange={[Function]}
          size="small"
          value=""
        />
      </ForwardRef(Grid)>
    </ForwardRef(TableCell)>
    <ForwardRef(TableCell)
      sx={
        Object {
          "color": "primary.main",
          "fontSize": "16px",
          "minWidth": 95,
          "p": 1,
          "pt": 0.5,
        }
      }
    >
      <ForwardRef(Grid)
        container={true}
        flexDirection="column"
      >
        <ForwardRef(Grid)
          container={true}
        >
          <ForwardRef(Grid)
            item={true}
            sx={
              Object {
                "height": 75,
              }
            }
            xs={8}
          >
            Display Location
          </ForwardRef(Grid)>
          <ForwardRef(Grid)
            item={true}
            xs={4}
          >
            <ForwardRef(IconButton)
              onClick={[Function]}
              size="small"
              sx={
                Object {
                  "height": 24,
                  "marginLeft": "2px",
                  "width": 24,
                }
              }
            >
              <Styled(memo)
                fontSize="small"
                open={false}
              />
            </ForwardRef(IconButton)>
          </ForwardRef(Grid)>
        </ForwardRef(Grid)>
        <ForwardRef(TextField)
          inputProps={
            Object {
              "sx": Object {
                "p": 0.2,
                "pl": 0.5,
                "pr": 0.5,
              },
            }
          }
          onChange={[Function]}
          size="small"
          value=""
        />
      </ForwardRef(Grid)>
    </ForwardRef(TableCell)>
    <ForwardRef(TableCell)
      sx={
        Object {
          "color": "primary.main",
          "fontSize": "16px",
          "minWidth": 160,
          "p": 1,
          "pt": 0.5,
        }
      }
    >
      <ForwardRef(Grid)
        container={true}
        flexDirection="column"
      >
        <ForwardRef(Grid)
          container={true}
        >
          <ForwardRef(Grid)
            item={true}
            sx={
              Object {
                "height": 75,
              }
            }
            xs={8}
          >
            LPN Quantity In Cases
          </ForwardRef(Grid)>
          <ForwardRef(Grid)
            item={true}
            xs={4}
          >
            <ForwardRef(IconButton)
              onClick={[Function]}
              size="small"
              sx={
                Object {
                  "height": 24,
                  "marginLeft": "2px",
                  "width": 24,
                }
              }
            >
              <Styled(memo)
                fontSize="small"
                open={false}
              />
            </ForwardRef(IconButton)>
          </ForwardRef(Grid)>
        </ForwardRef(Grid)>
        <ForwardRef(TextField)
          inputProps={
            Object {
              "sx": Object {
                "p": 0.2,
                "pl": 0.5,
                "pr": 0.5,
              },
            }
          }
          onChange={[Function]}
          size="small"
          value=""
        />
      </ForwardRef(Grid)>
    </ForwardRef(TableCell)>
    <ForwardRef(TableCell)
      sx={
        Object {
          "color": "primary.main",
          "fontSize": "16px",
          "minWidth": 180,
          "p": 1,
          "pt": 0.5,
        }
      }
    >
      <ForwardRef(Grid)
        container={true}
        flexDirection="column"
      >
        <ForwardRef(Grid)
          container={true}
        >
          <ForwardRef(Grid)
            item={true}
            sx={
              Object {
                "height": 75,
              }
            }
            xs={8}
          >
            Manufactured Date
          </ForwardRef(Grid)>
          <ForwardRef(Grid)
            item={true}
            xs={4}
          >
            <ForwardRef(IconButton)
              onClick={[Function]}
              size="small"
              sx={
                Object {
                  "height": 24,
                  "marginLeft": "2px",
                  "width": 24,
                }
              }
            >
              <Styled(memo)
                fontSize="small"
                open={false}
              />
            </ForwardRef(IconButton)>
          </ForwardRef(Grid)>
        </ForwardRef(Grid)>
        <ForwardRef(TextField)
          inputProps={
            Object {
              "sx": Object {
                "p": 0.2,
                "pl": 0.5,
                "pr": 0.5,
              },
            }
          }
          onChange={[Function]}
          size="small"
          value=""
        />
      </ForwardRef(Grid)>
    </ForwardRef(TableCell)>
    <ForwardRef(TableCell)
      sx={
        Object {
          "color": "primary.main",
          "fontSize": "16px",
          "minWidth": 180,
          "p": 1,
          "pt": 0.5,
        }
      }
    >
      <ForwardRef(Grid)
        container={true}
        flexDirection="column"
      >
        <ForwardRef(Grid)
          container={true}
        >
          <ForwardRef(Grid)
            item={true}
            sx={
              Object {
                "height": 75,
              }
            }
            xs={8}
          >
            Expiration Date
          </ForwardRef(Grid)>
          <ForwardRef(Grid)
            item={true}
            xs={4}
          >
            <ForwardRef(IconButton)
              onClick={[Function]}
              size="small"
              sx={
                Object {
                  "height": 24,
                  "marginLeft": "2px",
                  "width": 24,
                }
              }
            >
              <Styled(memo)
                fontSize="small"
                open={false}
              />
            </ForwardRef(IconButton)>
          </ForwardRef(Grid)>
        </ForwardRef(Grid)>
        <ForwardRef(TextField)
          inputProps={
            Object {
              "sx": Object {
                "p": 0.2,
                "pl": 0.5,
                "pr": 0.5,
              },
            }
          }
          onChange={[Function]}
          size="small"
          value=""
        />
      </ForwardRef(Grid)>
    </ForwardRef(TableCell)>
    <ForwardRef(TableCell)
      sx={
        Object {
          "color": "primary.main",
          "fontSize": "16px",
          "minWidth": 210,
          "p": 1,
          "pt": 0.5,
        }
      }
    >
      <ForwardRef(Grid)
        container={true}
        flexDirection="column"
      >
        <ForwardRef(Grid)
          container={true}
        >
          <ForwardRef(Grid)
            item={true}
            sx={
              Object {
                "height": 75,
              }
            }
            xs={8}
          >
            Consumption Priority Date
          </ForwardRef(Grid)>
          <ForwardRef(Grid)
            item={true}
            xs={4}
          >
            <ForwardRef(IconButton)
              onClick={[Function]}
              size="small"
              sx={
                Object {
                  "height": 24,
                  "marginLeft": "2px",
                  "width": 24,
                }
              }
            >
              <Styled(memo)
                fontSize="small"
                open={false}
              />
            </ForwardRef(IconButton)>
          </ForwardRef(Grid)>
        </ForwardRef(Grid)>
        <ForwardRef(TextField)
          inputProps={
            Object {
              "sx": Object {
                "p": 0.2,
                "pl": 0.5,
                "pr": 0.5,
              },
            }
          }
          onChange={[Function]}
          size="small"
          value=""
        />
      </ForwardRef(Grid)>
    </ForwardRef(TableCell)>
    <ForwardRef(TableCell)
      sx={
        Object {
          "color": "primary.main",
          "fontSize": "16px",
          "minWidth": 180,
          "p": 1,
          "pt": 0.5,
        }
      }
    >
      <ForwardRef(Grid)
        container={true}
        flexDirection="column"
      >
        <ForwardRef(Grid)
          container={true}
        >
          <ForwardRef(Grid)
            item={true}
            sx={
              Object {
                "height": 75,
              }
            }
            xs={8}
          >
            Suggested CPD
          </ForwardRef(Grid)>
          <ForwardRef(Grid)
            item={true}
            xs={4}
          >
            <ForwardRef(IconButton)
              onClick={[Function]}
              size="small"
              sx={
                Object {
                  "height": 24,
                  "marginLeft": "2px",
                  "width": 24,
                }
              }
            >
              <Styled(memo)
                fontSize="small"
                open={false}
              />
            </ForwardRef(IconButton)>
          </ForwardRef(Grid)>
        </ForwardRef(Grid)>
        <ForwardRef(TextField)
          inputProps={
            Object {
              "sx": Object {
                "p": 0.2,
                "pl": 0.5,
                "pr": 0.5,
              },
            }
          }
          onChange={[Function]}
          size="small"
          value=""
        />
      </ForwardRef(Grid)>
    </ForwardRef(TableCell)>
    <ForwardRef(TableCell)
      sx={
        Object {
          "color": "primary.main",
          "fontSize": "16px",
          "minWidth": 110,
          "p": 1,
          "pt": 0.5,
        }
      }
    >
      <ForwardRef(Grid)
        container={true}
        flexDirection="column"
      >
        <ForwardRef(Grid)
          container={true}
        >
          <ForwardRef(Grid)
            item={true}
            sx={
              Object {
                "height": 75,
              }
            }
            xs={8}
          >
            Product Life In Days
          </ForwardRef(Grid)>
          <ForwardRef(Grid)
            item={true}
            xs={4}
          >
            <ForwardRef(IconButton)
              onClick={[Function]}
              size="small"
              sx={
                Object {
                  "height": 24,
                  "marginLeft": "2px",
                  "width": 24,
                }
              }
            >
              <Styled(memo)
                fontSize="small"
                open={false}
              />
            </ForwardRef(IconButton)>
          </ForwardRef(Grid)>
        </ForwardRef(Grid)>
        <ForwardRef(TextField)
          inputProps={
            Object {
              "sx": Object {
                "p": 0.2,
                "pl": 0.5,
                "pr": 0.5,
              },
            }
          }
          onChange={[Function]}
          size="small"
          value=""
        />
      </ForwardRef(Grid)>
    </ForwardRef(TableCell)>
    <ForwardRef(TableCell)
      sx={
        Object {
          "color": "primary.main",
          "fontSize": "16px",
          "minWidth": 150,
          "p": 1,
          "pt": 0.5,
        }
      }
    >
      <ForwardRef(Grid)
        container={true}
        flexDirection="column"
      >
        <ForwardRef(Grid)
          container={true}
        >
          <ForwardRef(Grid)
            item={true}
            sx={
              Object {
                "height": 75,
              }
            }
            xs={8}
          >
            Reason
          </ForwardRef(Grid)>
          <ForwardRef(Grid)
            item={true}
            xs={4}
          >
            <ForwardRef(IconButton)
              onClick={[Function]}
              size="small"
              sx={
                Object {
                  "height": 24,
                  "marginLeft": "2px",
                  "width": 24,
                }
              }
            >
              <Styled(memo)
                fontSize="small"
                open={false}
              />
            </ForwardRef(IconButton)>
          </ForwardRef(Grid)>
        </ForwardRef(Grid)>
        <ForwardRef(TextField)
          inputProps={
            Object {
              "sx": Object {
                "p": 0.2,
                "pl": 0.5,
                "pr": 0.5,
              },
            }
          }
          onChange={[Function]}
          size="small"
          value=""
        />
      </ForwardRef(Grid)>
    </ForwardRef(TableCell)>
    <ForwardRef(TableCell)
      sx={
        Object {
          "color": "primary.main",
          "fontSize": "16px",
          "minWidth": 90,
          "p": 1,
          "pt": 0.5,
        }
      }
    >
      <ForwardRef(Grid)
        container={true}
        flexDirection="column"
      >
        <ForwardRef(Grid)
          container={true}
        >
          <ForwardRef(Grid)
            item={true}
            sx={
              Object {
                "height": 75,
              }
            }
            xs={8}
          >
            Date Code
          </ForwardRef(Grid)>
          <ForwardRef(Grid)
            item={true}
            xs={4}
          >
            <ForwardRef(IconButton)
              onClick={[Function]}
              size="small"
              sx={
                Object {
                  "height": 24,
                  "marginLeft": "2px",
                  "width": 24,
                }
              }
            >
              <Styled(memo)
                fontSize="small"
                open={false}
              />
            </ForwardRef(IconButton)>
          </ForwardRef(Grid)>
        </ForwardRef(Grid)>
        <ForwardRef(TextField)
          inputProps={
            Object {
              "sx": Object {
                "p": 0.2,
                "pl": 0.5,
                "pr": 0.5,
              },
            }
          }
          onChange={[Function]}
          size="small"
          value=""
        />
      </ForwardRef(Grid)>
    </ForwardRef(TableCell)>
    <ForwardRef(TableCell)
      sx={
        Object {
          "color": "primary.main",
          "fontSize": "16px",
          "minWidth": 175,
          "p": 1,
          "pt": 0.5,
        }
      }
    >
      <ForwardRef(Grid)
        container={true}
        flexDirection="column"
      >
        <ForwardRef(Grid)
          container={true}
        >
          <ForwardRef(Grid)
            item={true}
            sx={
              Object {
                "height": 75,
              }
            }
            xs={8}
          >
            Item Track Manufacturing Date
          </ForwardRef(Grid)>
          <ForwardRef(Grid)
            item={true}
            xs={4}
          >
            <ForwardRef(IconButton)
              onClick={[Function]}
              size="small"
              sx={
                Object {
                  "height": 24,
                  "marginLeft": "2px",
                  "width": 24,
                }
              }
            >
              <Styled(memo)
                fontSize="small"
                open={false}
              />
            </ForwardRef(IconButton)>
          </ForwardRef(Grid)>
        </ForwardRef(Grid)>
        <ForwardRef(TextField)
          inputProps={
            Object {
              "sx": Object {
                "p": 0.2,
                "pl": 0.5,
                "pr": 0.5,
              },
            }
          }
          onChange={[Function]}
          size="small"
          value=""
        />
      </ForwardRef(Grid)>
    </ForwardRef(TableCell)>
    <ForwardRef(TableCell)
      sx={
        Object {
          "color": "primary.main",
          "fontSize": "16px",
          "minWidth": 140,
          "p": 1,
          "pt": 0.5,
        }
      }
    >
      <ForwardRef(Grid)
        container={true}
        flexDirection="column"
      >
        <ForwardRef(Grid)
          container={true}
        >
          <ForwardRef(Grid)
            item={true}
            sx={
              Object {
                "height": 75,
              }
            }
            xs={8}
          >
            Item Track Expiry Date
          </ForwardRef(Grid)>
          <ForwardRef(Grid)
            item={true}
            xs={4}
          >
            <ForwardRef(IconButton)
              onClick={[Function]}
              size="small"
              sx={
                Object {
                  "height": 24,
                  "marginLeft": "2px",
                  "width": 24,
                }
              }
            >
              <Styled(memo)
                fontSize="small"
                open={false}
              />
            </ForwardRef(IconButton)>
          </ForwardRef(Grid)>
        </ForwardRef(Grid)>
        <ForwardRef(TextField)
          inputProps={
            Object {
              "sx": Object {
                "p": 0.2,
                "pl": 0.5,
                "pr": 0.5,
              },
            }
          }
          onChange={[Function]}
          size="small"
          value=""
        />
      </ForwardRef(Grid)>
    </ForwardRef(TableCell)>
    <ForwardRef(TableCell)
      sx={
        Object {
          "color": "primary.main",
          "fontSize": "16px",
          "minWidth": 160,
          "p": 1,
          "pt": 0.5,
        }
      }
    >
      <ForwardRef(Grid)
        container={true}
        flexDirection="column"
      >
        <ForwardRef(Grid)
          container={true}
        >
          <ForwardRef(Grid)
            item={true}
            sx={
              Object {
                "height": 75,
              }
            }
            xs={8}
          >
            Manufacture Date Diff
          </ForwardRef(Grid)>
          <ForwardRef(Grid)
            item={true}
            xs={4}
          >
            <ForwardRef(IconButton)
              onClick={[Function]}
              size="small"
              sx={
                Object {
                  "height": 24,
                  "marginLeft": "2px",
                  "width": 24,
                }
              }
            >
              <Styled(memo)
                fontSize="small"
                open={false}
              />
            </ForwardRef(IconButton)>
          </ForwardRef(Grid)>
        </ForwardRef(Grid)>
        <ForwardRef(TextField)
          inputProps={
            Object {
              "sx": Object {
                "p": 0.2,
                "pl": 0.5,
                "pr": 0.5,
              },
            }
          }
          onChange={[Function]}
          size="small"
          value=""
        />
      </ForwardRef(Grid)>
    </ForwardRef(TableCell)>
    <ForwardRef(TableCell)
      sx={
        Object {
          "color": "primary.main",
          "fontSize": "16px",
          "minWidth": 130,
          "p": 1,
          "pt": 0.5,
        }
      }
    >
      <ForwardRef(Grid)
        container={true}
        flexDirection="column"
      >
        <ForwardRef(Grid)
          container={true}
        >
          <ForwardRef(Grid)
            item={true}
            sx={
              Object {
                "height": 75,
              }
            }
            xs={8}
          >
            Expiration Date Diff
          </ForwardRef(Grid)>
          <ForwardRef(Grid)
            item={true}
            xs={4}
          >
            <ForwardRef(IconButton)
              onClick={[Function]}
              size="small"
              sx={
                Object {
                  "height": 24,
                  "marginLeft": "2px",
                  "width": 24,
                }
              }
            >
              <Styled(memo)
                fontSize="small"
                open={false}
              />
            </ForwardRef(IconButton)>
          </ForwardRef(Grid)>
        </ForwardRef(Grid)>
        <ForwardRef(TextField)
          inputProps={
            Object {
              "sx": Object {
                "p": 0.2,
                "pl": 0.5,
                "pr": 0.5,
              },
            }
          }
          onChange={[Function]}
          size="small"
          value=""
        />
      </ForwardRef(Grid)>
    </ForwardRef(TableCell)>
    <ForwardRef(TableCell)
      sx={
        Object {
          "color": "primary.main",
          "fontSize": "16px",
          "minWidth": 40,
          "p": 1,
          "pt": 0.5,
        }
      }
    />
  </ForwardRef(TableRow)>
</ForwardRef(TableHead)>
`;
