// Jest Snapshot v1, https://goo.gl/fbAQLP

exports[`RouteChip Component RouteChip snapshot 1`] = `
<ForwardRef(Chip)
  color="primary"
  data-testid="route-chip"
  icon={
    <Memo
      fontSize="small"
    />
  }
  label="test"
  sx={
    Object {
      "fontWeight": "500",
    }
  }
  variant="outlined"
/>
`;
